CCS PCH C Compiler, Version 5.012, 41559               27-mar-17 19:50

               Filename:   D:\SystemasEmbebidos4G\Practica 2\Calculadora_8bits.lst

               ROM used:   566 bytes (1%)
                           Largest free fragment is 64970
               RAM used:   8 (0%) at main() level
                           16 (0%) worst case
               Stack used: 2 locations
               Stack size: 31

*
00000:  GOTO   00D8
.................... #include <18F4620.h> 
.................... ///////////// Standard Header file for the PIC18F4620 device //////////////// 
.................... /////////////////////////////////////////////////////////////////////////// 
.................... ////        (C) Copyright 1996, 2013 Custom Computer Services          //// 
.................... //// This source code may only be used by licensed users of the CCS C  //// 
.................... //// compiler.  This source code may only be distributed to other      //// 
.................... //// licensed users of the CCS C compiler.  No other use, reproduction //// 
.................... //// or distribution is permitted without written permission.          //// 
.................... //// Derivative programs created using this software in object code    //// 
.................... //// form are not restricted in any way.                               //// 
.................... /////////////////////////////////////////////////////////////////////////// 
.................... #device PIC18F4620 
00004:  MOVF   0C,W
00006:  MULWF  0E
00008:  MOVFF  FF3,01
0000C:  MOVFF  FF4,00
00010:  MULWF  0F
00012:  MOVF   FF3,W
00014:  ADDWF  00,F
00016:  MOVF   0D,W
00018:  MULWF  0E
0001A:  MOVF   FF3,W
0001C:  ADDWFC 00,W
0001E:  MOVWF  02
00020:  GOTO   01A8 (RETURN)
*
00094:  CLRF   01
00096:  CLRF   02
00098:  CLRF   00
0009A:  CLRF   03
0009C:  MOVF   0F,W
0009E:  BNZ   00A4
000A0:  MOVF   0E,W
000A2:  BZ    00D4
000A4:  MOVLW  10
000A6:  MOVWF  10
000A8:  BCF    FD8.0
000AA:  RLCF   0C,F
000AC:  RLCF   0D,F
000AE:  RLCF   00,F
000B0:  RLCF   03,F
000B2:  MOVF   0F,W
000B4:  SUBWF  03,W
000B6:  BNZ   00BC
000B8:  MOVF   0E,W
000BA:  SUBWF  00,W
000BC:  BNC   00CC
000BE:  MOVF   0E,W
000C0:  SUBWF  00,F
000C2:  BTFSS  FD8.0
000C4:  DECF   03,F
000C6:  MOVF   0F,W
000C8:  SUBWF  03,F
000CA:  BSF    FD8.0
000CC:  RLCF   01,F
000CE:  RLCF   02,F
000D0:  DECFSZ 10,F
000D2:  BRA    00A8
000D4:  GOTO   01E6 (RETURN)
....................  
.................... #list 
....................  
.................... #fuses INTRC_IO, NOFCMEN, NOIESO, PUT, NOBROWNOUT, NOWDT 
.................... #fuses NOPBADEN, NOMCLR, STVREN, NOLVP, NODEBUG 
.................... #use delay(clock=32000000) 
*
00024:  CLRF   FEA
00026:  MOVLW  09
00028:  MOVWF  FE9
0002A:  MOVF   FEF,W
0002C:  BZ    0048
0002E:  MOVLW  0A
00030:  MOVWF  01
00032:  CLRF   00
00034:  DECFSZ 00,F
00036:  BRA    0034
00038:  DECFSZ 01,F
0003A:  BRA    0032
0003C:  MOVLW  5F
0003E:  MOVWF  00
00040:  DECFSZ 00,F
00042:  BRA    0040
00044:  DECFSZ FEF,F
00046:  BRA    002E
00048:  RETURN 0
.................... #define retardo 500 
....................  
.................... void error(); 
....................  
.................... void main (void){ 
*
000D8:  CLRF   FF8
000DA:  BCF    FD0.7
000DC:  MOVLW  70
000DE:  MOVWF  FD3
000E0:  MOVLW  40
000E2:  MOVWF  F9B
000E4:  MOVF   FD3,W
000E6:  MOVF   FC1,W
000E8:  ANDLW  C0
000EA:  IORLW  0F
000EC:  MOVWF  FC1
000EE:  MOVLW  07
000F0:  MOVWF  FB4
....................    set_tris_a(0b00000000); // output A0 A1 A2 A3 A4 A5 A6 A7 
000F2:  MOVLW  00
000F4:  MOVWF  F92
....................    set_tris_b(0b11110000); // output B0 B1 B2 B3 input B4 B5 B6 B7 
000F6:  MOVLW  F0
000F8:  MOVWF  F93
....................    SETUP_ADC_PORTS(NO_ANALOGS);// para conversion a todos los puertos analogos a digitales 
000FA:  MOVF   FC1,W
000FC:  ANDLW  C0
000FE:  IORLW  0F
00100:  MOVWF  FC1
....................    setup_oscillator(OSC_32MHZ); 
00102:  MOVLW  70
00104:  MOVWF  FD3
00106:  MOVLW  40
00108:  MOVWF  F9B
0010A:  MOVF   FD3,W
....................    int16 resultado=0; 
....................    int8 operacion=0; //Variables operandos oper 
0010C:  CLRF   06
0010E:  CLRF   05
00110:  CLRF   07
....................    while(True){ 
....................    if(input(PIN_B4)) operacion=1; //suma 
00112:  BSF    F93.4
00114:  BTFSS  F81.4
00116:  BRA    011E
00118:  MOVLW  01
0011A:  MOVWF  07
0011C:  BRA    0140
....................    else if(input(PIN_B5)) operacion=2;//resta 
0011E:  BSF    F93.5
00120:  BTFSS  F81.5
00122:  BRA    012A
00124:  MOVLW  02
00126:  MOVWF  07
00128:  BRA    0140
....................    else if(input(PIN_B6)) operacion=3;//multiplicacion 
0012A:  BSF    F93.6
0012C:  BTFSS  F81.6
0012E:  BRA    0136
00130:  MOVLW  03
00132:  MOVWF  07
00134:  BRA    0140
....................    else if(input(PIN_B7)) operacion=4;//divicion 
00136:  BSF    F93.7
00138:  BTFSS  F81.7
0013A:  BRA    0140
0013C:  MOVLW  04
0013E:  MOVWF  07
....................    if(operacion==1) resultado = (long)input_c() + (long)input_d(); 
00140:  DECFSZ 07,W
00142:  BRA    015E
00144:  SETF   F94
00146:  MOVF   F82,W
00148:  CLRF   09
0014A:  MOVWF  08
0014C:  SETF   F95
0014E:  MOVF   F83,W
00150:  CLRF   03
00152:  ADDWF  08,W
00154:  MOVWF  05
00156:  MOVF   03,W
00158:  ADDWFC 09,W
0015A:  MOVWF  06
0015C:  BRA    01EE
....................    else if(operacion == 2) resultado = (long)input_c() - (long)input_d(); 
0015E:  MOVF   07,W
00160:  SUBLW  02
00162:  BNZ   017E
00164:  SETF   F94
00166:  MOVF   F82,W
00168:  CLRF   09
0016A:  MOVWF  08
0016C:  SETF   F95
0016E:  MOVF   F83,W
00170:  CLRF   03
00172:  SUBWF  08,W
00174:  MOVWF  05
00176:  MOVF   03,W
00178:  SUBWFB 09,W
0017A:  MOVWF  06
0017C:  BRA    01EE
....................    else if(operacion == 3) resultado = (long)input_c() * (long)input_d(); 
0017E:  MOVF   07,W
00180:  SUBLW  03
00182:  BNZ   01B2
00184:  SETF   F94
00186:  MOVF   F82,W
00188:  CLRF   09
0018A:  MOVWF  08
0018C:  SETF   F95
0018E:  MOVF   F83,W
00190:  CLRF   03
00192:  MOVWF  0A
00194:  MOVFF  03,0B
00198:  MOVFF  09,0D
0019C:  MOVFF  08,0C
001A0:  MOVFF  03,0F
001A4:  MOVWF  0E
001A6:  BRA    0004
001A8:  MOVFF  02,06
001AC:  MOVFF  01,05
001B0:  BRA    01EE
....................    else if(operacion == 4) 
001B2:  MOVF   07,W
001B4:  SUBLW  04
001B6:  BNZ   01EE
....................    { 
....................    if(input_d()==0) error(); //funcion de error  
001B8:  SETF   F95
001BA:  MOVF   F83,F
001BC:  BNZ   01C2
001BE:  BRA    004A
001C0:  BRA    01EE
....................    else resultado = (long)input_c() / (long)input_d(); 
001C2:  SETF   F94
001C4:  MOVF   F82,W
001C6:  CLRF   09
001C8:  MOVWF  08
001CA:  SETF   F95
001CC:  MOVF   F83,W
001CE:  CLRF   03
001D0:  MOVWF  0A
001D2:  MOVFF  03,0B
001D6:  MOVFF  09,0D
001DA:  MOVFF  08,0C
001DE:  MOVFF  03,0F
001E2:  MOVWF  0E
001E4:  BRA    0094
001E6:  MOVFF  02,06
001EA:  MOVFF  01,05
....................    } 
....................    output_a(resultado); 
001EE:  CLRF   F92
001F0:  MOVFF  05,F89
....................    output_b(resultado>>6); 
001F4:  RRCF   06,W
001F6:  MOVWF  09
001F8:  RRCF   05,W
001FA:  MOVWF  08
001FC:  RRCF   09,F
001FE:  RRCF   08,F
00200:  RRCF   09,F
00202:  RRCF   08,F
00204:  RRCF   09,F
00206:  RRCF   08,F
00208:  RRCF   09,F
0020A:  RRCF   08,F
0020C:  RRCF   09,F
0020E:  RRCF   08,F
00210:  MOVLW  03
00212:  ANDWF  09,F
00214:  CLRF   F93
00216:  MOVFF  08,F8A
....................    output_e(resultado>>10); 
0021A:  CLRF   09
0021C:  RRCF   06,W
0021E:  MOVWF  08
00220:  RRCF   08,F
00222:  MOVLW  3F
00224:  ANDWF  08,F
00226:  BCF    F96.0
00228:  BCF    F96.1
0022A:  BCF    F96.2
0022C:  BCF    F96.3
0022E:  MOVFF  08,F8D
00232:  BRA    0112
....................    }  
.................... }    
.................... void error() 
00234:  SLEEP 
.................... { 
....................    output_a(0b00111111); 
*
0004A:  CLRF   F92
0004C:  MOVLW  3F
0004E:  MOVWF  F89
....................    output_b(0b00001111); 
00050:  CLRF   F93
00052:  MOVLW  0F
00054:  MOVWF  F8A
....................    output_e(0b00001111); 
00056:  BCF    F96.0
00058:  BCF    F96.1
0005A:  BCF    F96.2
0005C:  BCF    F96.3
0005E:  MOVWF  F8D
....................    delay_ms(retardo); 
00060:  MOVLW  02
00062:  MOVWF  08
00064:  MOVLW  FA
00066:  MOVWF  09
00068:  RCALL  0024
0006A:  DECFSZ 08,F
0006C:  BRA    0064
....................    output_a(0b00000000); 
0006E:  CLRF   F92
00070:  CLRF   F89
....................    output_b(0b00000000); 
00072:  CLRF   F93
00074:  CLRF   F8A
....................    output_e(0b00001000); 
00076:  BCF    F96.0
00078:  BCF    F96.1
0007A:  BCF    F96.2
0007C:  BCF    F96.3
0007E:  MOVLW  08
00080:  MOVWF  F8D
....................    delay_ms(retardo); 
00082:  MOVLW  02
00084:  MOVWF  08
00086:  MOVLW  FA
00088:  MOVWF  09
0008A:  RCALL  0024
0008C:  DECFSZ 08,F
0008E:  BRA    0086
00090:  GOTO   01EE (RETURN)
.................... } 

Configuration Fuses:
   Word  1: 0800   INTRC_IO NOFCMEN NOIESO
   Word  2: 1E18   PUT NOBROWNOUT BORV21 NOWDT WDT32768
   Word  3: 0500   CCP2C1 NOPBADEN LPT1OSC NOMCLR
   Word  4: 0081   STVREN NOLVP NOXINST NODEBUG
   Word  5: C00F   NOPROTECT NOCPB NOCPD
   Word  6: E00F   NOWRT NOWRTC NOWRTB NOWRTD
   Word  7: 400F   NOEBTR NOEBTRB
