CCS PCH C Compiler, Version 5.012, 41559               03-abr.-17 20:38

               Filename:   C:\Users\luis\Documents\4Semestre\Embebidos\SystemasEmbebidos4G\Practica 3\ProgramaPrincipal.lst

               ROM used:   314 bytes (0%)
                           Largest free fragment is 65218
               RAM used:   30 (1%) at main() level
                           30 (1%) worst case
               Stack used: 1 locations (0 in main + 1 for interrupts)
               Stack size: 31

*
00000:  GOTO   00A4
*
00008:  MOVWF  04
0000A:  MOVFF  FD8,05
0000E:  MOVFF  FE0,06
00012:  MOVLB  0
00014:  MOVFF  FE9,0C
00018:  MOVFF  FEA,07
0001C:  MOVFF  FE1,08
00020:  MOVFF  FE2,09
00024:  MOVFF  FD9,0A
00028:  MOVFF  FDA,0B
0002C:  MOVFF  FF3,12
00030:  MOVFF  FF4,13
00034:  MOVFF  FFA,14
00038:  MOVFF  00,0E
0003C:  MOVFF  01,0F
00040:  MOVFF  02,10
00044:  MOVFF  03,11
00048:  BTFSS  FF2.5
0004A:  GOTO   0054
0004E:  BTFSC  FF2.2
00050:  GOTO   0096
00054:  MOVFF  0E,00
00058:  MOVFF  0F,01
0005C:  MOVFF  10,02
00060:  MOVFF  11,03
00064:  MOVFF  0C,FE9
00068:  MOVFF  07,FEA
0006C:  BSF    07.7
0006E:  MOVFF  08,FE1
00072:  MOVFF  09,FE2
00076:  MOVFF  0A,FD9
0007A:  MOVFF  0B,FDA
0007E:  MOVFF  12,FF3
00082:  MOVFF  13,FF4
00086:  MOVFF  14,FFA
0008A:  MOVF   04,W
0008C:  MOVFF  06,FE0
00090:  MOVFF  05,FD8
00094:  RETFIE 0
.................... #include <18F4620.h> 
.................... ///////////// Standard Header file for the PIC18F4620 device //////////////// 
.................... /////////////////////////////////////////////////////////////////////////// 
.................... ////        (C) Copyright 1996, 2013 Custom Computer Services          //// 
.................... //// This source code may only be used by licensed users of the CCS C  //// 
.................... //// compiler.  This source code may only be distributed to other      //// 
.................... //// licensed users of the CCS C compiler.  No other use, reproduction //// 
.................... //// or distribution is permitted without written permission.          //// 
.................... //// Derivative programs created using this software in object code    //// 
.................... //// form are not restricted in any way.                               //// 
.................... /////////////////////////////////////////////////////////////////////////// 
.................... #device PIC18F4620 
....................  
.................... #list 
....................  
.................... #USE delay(clock=16000000)        //Configurando el reloj a 32Mhz 
.................... #fuses XT, NOFCMEN, NOIESO, PUT, NOBROWNOUT, NOWDT 
.................... #fuses NOPBADEN, NOMCLR, STVREN, NOLVP, NODEBUG 
.................... #use fast_io(a) 
.................... #use fast_io(b) 
.................... #use fast_io(c) 
.................... #use fast_io(d) 
.................... int contador_100ms=0;         //Declaramos variable contador para tiempo de 100ms. Sabremos cuantas veces se ha ejecutado la interrupción 
.................... int contador_500ms=0;         //Declaramos variable contador para tiempo de 100ms. Sabremos cuantas veces se ha ejecutado la interrupción 
.................... int contador_1000ms=0;        //Declaramos variable contador para tiempo de 100ms. Sabremos cuantas veces se ha ejecutado la interrupción 
.................... int contador_1500ms=0;        //Declaramos variable contador para tiempo de 100ms. Sabremos cuantas veces se ha ejecutado la interrupción 
.................... #int_TIMER0                  //Declaramos interrupción de TIMER0 
.................... void TIMER0_funcion(void)    //Funcion de interupción de TIMER0. Cada que ocurra una interrupcion de TIMER0 ingcrementara en uno las variables de los contadores de tiempo 
.................... { 
....................    contador_100ms++;          
00096:  INCF   16,F
....................    contador_500ms++; 
00098:  INCF   17,F
....................    contador_1000ms++; 
0009A:  INCF   18,F
....................    contador_1500ms++; 
0009C:  INCF   19,F
0009E:  BCF    FF2.2
000A0:  GOTO   0054
.................... } 
....................     
....................    void main(void) 
000A4:  CLRF   FF8
000A6:  BCF    FD0.7
000A8:  BSF    07.7
000AA:  CLRF   16
000AC:  CLRF   17
000AE:  CLRF   18
000B0:  CLRF   19
000B2:  MOVF   FC1,W
000B4:  ANDLW  C0
000B6:  IORLW  0F
000B8:  MOVWF  FC1
000BA:  MOVLW  07
000BC:  MOVWF  FB4
000BE:  MOVLW  80
000C0:  MOVWF  1A
000C2:  MOVWF  1B
000C4:  MOVWF  1C
000C6:  MOVWF  1D
....................    { 
....................       int8 conAnilloA=0x80;             //Variable con el valor del valor para el contador de anillo del puerto A. Lo ponemos en el MSB 
....................       int8 conAnilloB=0x80;             //Variable con el valor del valor para el contador de anillo del puerto B. Lo ponemos en el MSB 
....................       int8 conAnilloC=0x80;             //Variable con el valor del valor para el contador de anillo del puerto C. Lo ponemos en el MSB 
....................       int8 conAnilloD=0x80;             //Variable con el valor del valor para el contador de anillo del puerto D. Lo ponemos en el MSB 
....................       setup_timer_0(RTCC_INTERNAL|RTCC_DIV_256);   //Configuracion de la fuente y divisor del TMR0 <<<<<<Acomodar 
000C8:  MOVLW  87
000CA:  MOVWF  FD5
....................       enable_interrupts(int_TIMER0);  //Abilitamos la interrupcion TIMER0 
000CC:  BSF    FF2.5
....................       enable_interrupts(GLOBAL);      //Abilitamos las interrupciones globales 
000CE:  MOVLW  C0
000D0:  IORWF  FF2,F
....................       // 
....................       //Configuramos puertos A,B,C y D como puertos de salida 
....................       set_tris_a(0); 
000D2:  MOVLW  00
000D4:  MOVWF  F92
....................       set_tris_b(0); 
000D6:  MOVWF  F93
....................       set_tris_c(0); 
000D8:  MOVWF  F94
....................       set_tris_d(0); 
000DA:  MOVWF  F95
....................       while(1)                        //Ciclo infinito 
....................       { 
....................          if(contador_100ms>=6)   //Si nuestro contador_100ms es mayor o igual a 6 quiere decir que ya han pasado 100ms desde que se desplazo conAnilloA entonces, se ejecuta contador de anillo del puerto A 
000DC:  MOVF   16,W
000DE:  SUBLW  05
000E0:  BC    00F0
....................          { 
....................             conAnilloA>>=1;            //Desplazamos el bit del contador de anilo del puerto A 
000E2:  BCF    FD8.0
000E4:  RRCF   1A,F
....................             contador_100ms=0;          //Regresemos el valor de contador_100ms a 0 
000E6:  CLRF   16
....................             if(conAnilloA==0)          //Si el valor de conAnilloA sobrepaso el LSM, devuelbe el valor al MSB 
000E8:  MOVF   1A,F
000EA:  BNZ   00F0
....................             { 
....................                conAnilloA=0x80;  
000EC:  MOVLW  80
000EE:  MOVWF  1A
....................             } 
....................          } 
....................          if(contador_500ms>=30)   //Si nuestro contador_500ms es mayor o igual a 30 quiere decir que ya han pasado 500ms desde que se desplazo conAnilloB entonces, se ejecuta contador de anillo del puerto B 
000F0:  MOVF   17,W
000F2:  SUBLW  1D
000F4:  BC    0104
....................          { 
....................             conAnilloB>>=1;            //Desplazamos el bit del contador de anillo del puerto B 
000F6:  BCF    FD8.0
000F8:  RRCF   1B,F
....................             contador_500ms=0;          //Regresemos el valor de contador_500ms a 0 
000FA:  CLRF   17
....................             if(conAnilloB==0)          //Si el valor de conAnilloB sobrepaso el LSM, devuelbe el valor al MSB 
000FC:  MOVF   1B,F
000FE:  BNZ   0104
....................             { 
....................                conAnilloB=0x80;  
00100:  MOVLW  80
00102:  MOVWF  1B
....................             } 
....................          } 
....................          if(contador_1000ms>=61)   //Si nuestro contador_1000ms es mayor o igual a 61 quiere decir que ya han pasado 1000ms desde que se desplazo conAnilloC entonces, se ejecuta contador de anillo del puerto C 
00104:  MOVF   18,W
00106:  SUBLW  3C
00108:  BC    0116
....................          { 
....................             conAnilloC>>=1;            //Desplazamos el bit del contador de anilo del puerto C 
0010A:  BCF    FD8.0
0010C:  RRCF   1C,F
....................             contador_1000ms=0;         //Regresemos el valor de contador_1000ms a 0 
0010E:  CLRF   18
....................             if(conAnilloC==0)          //Si el valor de conAnilloC sobrepaso el LSM, devuelbe el valor al MSB 
00110:  MOVF   1C,F
00112:  BNZ   0116
....................             { 
....................                conAnilloC=0x10000000;  
00114:  CLRF   1C
....................             } 
....................          } 
....................          if(contador_1500ms>=91)   //Si nuestro contador_1500ms es mayor o igual a 91 quiere decir que ya han pasado 1500ms desde que se desplazo conAnilloD entonces, se ejecuta contador de anillo del puerto D 
00116:  MOVF   19,W
00118:  SUBLW  5A
0011A:  BC    012A
....................          { 
....................             conAnilloD>>=1;            //Desplazamos el bit del contador de anilo del puerto D 
0011C:  BCF    FD8.0
0011E:  RRCF   1D,F
....................             contador_1500ms=0;         //Regresemos el valor de contador_1500ms a 0 
00120:  CLRF   19
....................             if(conAnilloD==0)          //Si el valor de conAnilloD sobrepaso el LSM, devuelbe el valor al MSB 
00122:  MOVF   1D,F
00124:  BNZ   012A
....................             { 
....................                conAnilloD=0x80;  
00126:  MOVLW  80
00128:  MOVWF  1D
....................             } 
....................          } 
....................          //Imprimimos contadores de anillos de los puertos A,B,C y D 
....................          output_a(conAnilloA); 
0012A:  MOVFF  1A,F89
....................          output_b(conAnilloB); 
0012E:  MOVFF  1B,F8A
....................          output_c(conAnilloC); 
00132:  MOVFF  1C,F8B
....................          output_d(conAnilloD); 
00136:  MOVFF  1D,F8C
0013A:  BRA    00DC
....................           
....................       } 
....................    } 
0013C:  SLEEP 

Configuration Fuses:
   Word  1: 0100   XT NOFCMEN NOIESO
   Word  2: 1E18   PUT NOBROWNOUT BORV21 NOWDT WDT32768
   Word  3: 0500   CCP2C1 NOPBADEN LPT1OSC NOMCLR
   Word  4: 0081   STVREN NOLVP NOXINST NODEBUG
   Word  5: C00F   NOPROTECT NOCPB NOCPD
   Word  6: E00F   NOWRT NOWRTC NOWRTB NOWRTD
   Word  7: 400F   NOEBTR NOEBTRB
